============================================================
PIPELINE PARITY CHECK + REPORT DATA EXTRACTION
============================================================

Spark rows: 177 | Ray rows: 177
Spark cols: ['Borough', 'avg_speed_mph', 'hour_of_day', 'trip_count']
Ray cols:   ['Borough', 'avg_speed_mph', 'hour_of_day', 'trip_count']

Rows compared (outer join): 201
Max |avg_speed difference|: 5.7930378419612794e-05
Mean |avg_speed difference|: 4.849920183221865e-07

>>> PARITY VERIFIED (max diff 0.000058 < 0.01)

============================================================
AGGREGATED COMPARISON (Spark vs Ray)
============================================================
             spark_speed  ray_speed  spark_count  ray_count
hour_of_day                                                
0                43.2808    43.2808      74057.0     271236
1               161.5828   161.5828      49736.0     128998
2                26.7760     26.776      34360.0     368508
3                47.6590     47.659      22482.0      33329
4                21.9928    21.9928      14918.0      10236
5               137.3516   137.3516      17166.0      49537
6                82.2574    82.2574      38954.0     168553
7                25.4876    25.4876      80224.0     177791
8                44.0570     44.057     112639.0       4044
9                62.8900      62.89     124561.0      47723
10              125.4048   125.4048     134110.0     119630
11              292.0977   292.0977     145314.0     254684
12              106.9209   106.9209     158210.0      79644
13               43.6991    43.6991     163585.0      10426
14               62.8253    62.8253     176231.0      14650
15               46.6280     46.628     182006.0     460651
16              203.6823   203.6823     182932.0     114696
17              175.2716   175.2716     198239.0      20674
18              279.8766   279.8766     204070.0      17966
19              229.7991   229.7991     176839.0     165450
20               28.8574    28.8574     153751.0      27658
21               61.7482    61.7482     154114.0      40829
22               31.2475    31.2475     136500.0     104884
23               99.8131    99.8131     103138.0     146341

Saved to /media/sf_vmshare/results/:
   parity_full.csv
   parity_hourly.csv
   parity_summary.txt

DONE.
